mode: set
github.com/pardhuvarmax/kernel-borderlands/kb-control-plane/internal/ipc/listener.go:29.54,33.2 3 0
github.com/pardhuvarmax/kernel-borderlands/kb-control-plane/internal/ipc/listener.go:35.49,39.2 3 0
github.com/pardhuvarmax/kernel-borderlands/kb-control-plane/internal/ipc/listener.go:49.68,56.2 1 0
github.com/pardhuvarmax/kernel-borderlands/kb-control-plane/internal/ipc/listener.go:69.35,72.65 1 0
github.com/pardhuvarmax/kernel-borderlands/kb-control-plane/internal/ipc/listener.go:72.65,74.3 1 0
github.com/pardhuvarmax/kernel-borderlands/kb-control-plane/internal/ipc/listener.go:76.2,77.16 2 0
github.com/pardhuvarmax/kernel-borderlands/kb-control-plane/internal/ipc/listener.go:77.16,79.3 1 0
github.com/pardhuvarmax/kernel-borderlands/kb-control-plane/internal/ipc/listener.go:80.2,87.12 5 0
github.com/pardhuvarmax/kernel-borderlands/kb-control-plane/internal/ipc/listener.go:87.12,88.20 1 0
github.com/pardhuvarmax/kernel-borderlands/kb-control-plane/internal/ipc/listener.go:88.20,90.4 1 0
github.com/pardhuvarmax/kernel-borderlands/kb-control-plane/internal/ipc/listener.go:91.3,92.13 2 0
github.com/pardhuvarmax/kernel-borderlands/kb-control-plane/internal/ipc/listener.go:95.2,95.6 1 0
github.com/pardhuvarmax/kernel-borderlands/kb-control-plane/internal/ipc/listener.go:95.6,97.17 2 0
github.com/pardhuvarmax/kernel-borderlands/kb-control-plane/internal/ipc/listener.go:97.17,99.11 1 0
github.com/pardhuvarmax/kernel-borderlands/kb-control-plane/internal/ipc/listener.go:100.18,101.15 1 0
github.com/pardhuvarmax/kernel-borderlands/kb-control-plane/internal/ipc/listener.go:102.12,102.12 0 0
github.com/pardhuvarmax/kernel-borderlands/kb-control-plane/internal/ipc/listener.go:105.4,105.55 1 0
github.com/pardhuvarmax/kernel-borderlands/kb-control-plane/internal/ipc/listener.go:105.55,107.13 2 0
github.com/pardhuvarmax/kernel-borderlands/kb-control-plane/internal/ipc/listener.go:110.4,110.45 1 0
github.com/pardhuvarmax/kernel-borderlands/kb-control-plane/internal/ipc/listener.go:113.3,119.47 5 0
github.com/pardhuvarmax/kernel-borderlands/kb-control-plane/internal/ipc/listener.go:119.47,120.55 1 0
github.com/pardhuvarmax/kernel-borderlands/kb-control-plane/internal/ipc/listener.go:120.55,122.5 1 0
github.com/pardhuvarmax/kernel-borderlands/kb-control-plane/internal/ipc/listener.go:125.3,125.23 1 0
github.com/pardhuvarmax/kernel-borderlands/kb-control-plane/internal/ipc/listener.go:125.23,126.17 1 0
github.com/pardhuvarmax/kernel-borderlands/kb-control-plane/internal/ipc/listener.go:126.17,132.5 5 0
github.com/pardhuvarmax/kernel-borderlands/kb-control-plane/internal/ipc/listener.go:133.4,133.61 1 0
github.com/pardhuvarmax/kernel-borderlands/kb-control-plane/internal/ipc/listener.go:133.61,135.5 1 0
github.com/pardhuvarmax/kernel-borderlands/kb-control-plane/internal/ipc/listener.go:142.86,146.23 3 1
github.com/pardhuvarmax/kernel-borderlands/kb-control-plane/internal/ipc/listener.go:146.23,148.3 1 1
github.com/pardhuvarmax/kernel-borderlands/kb-control-plane/internal/ipc/listener.go:152.2,152.22 1 1
github.com/pardhuvarmax/kernel-borderlands/kb-control-plane/internal/ipc/listener.go:152.22,154.3 1 1
github.com/pardhuvarmax/kernel-borderlands/kb-control-plane/internal/ipc/listener.go:155.2,168.28 10 1
github.com/pardhuvarmax/kernel-borderlands/kb-control-plane/internal/ipc/listener.go:168.28,169.73 1 1
github.com/pardhuvarmax/kernel-borderlands/kb-control-plane/internal/ipc/listener.go:169.73,172.12 3 0
github.com/pardhuvarmax/kernel-borderlands/kb-control-plane/internal/ipc/listener.go:174.3,174.50 1 1
github.com/pardhuvarmax/kernel-borderlands/kb-control-plane/internal/ipc/listener.go:174.50,177.12 3 0
github.com/pardhuvarmax/kernel-borderlands/kb-control-plane/internal/ipc/listener.go:179.3,179.74 1 1
github.com/pardhuvarmax/kernel-borderlands/kb-control-plane/internal/ipc/listener.go:179.74,182.12 3 0
github.com/pardhuvarmax/kernel-borderlands/kb-control-plane/internal/ipc/listener.go:187.2,187.30 1 1
github.com/pardhuvarmax/kernel-borderlands/kb-control-plane/internal/ipc/listener.go:187.30,190.3 2 0
github.com/pardhuvarmax/kernel-borderlands/kb-control-plane/internal/ipc/listener.go:192.2,192.12 1 1
github.com/pardhuvarmax/kernel-borderlands/kb-control-plane/internal/ipc/rules.go:148.39,150.25 2 1
github.com/pardhuvarmax/kernel-borderlands/kb-control-plane/internal/ipc/rules.go:150.25,151.32 1 1
github.com/pardhuvarmax/kernel-borderlands/kb-control-plane/internal/ipc/rules.go:151.32,153.4 1 1
github.com/pardhuvarmax/kernel-borderlands/kb-control-plane/internal/ipc/rules.go:153.9,153.39 1 0
github.com/pardhuvarmax/kernel-borderlands/kb-control-plane/internal/ipc/rules.go:153.39,155.4 1 0
github.com/pardhuvarmax/kernel-borderlands/kb-control-plane/internal/ipc/rules.go:157.2,157.13 1 1
github.com/pardhuvarmax/kernel-borderlands/kb-control-plane/internal/ipc/rules.go:160.53,163.25 3 1
github.com/pardhuvarmax/kernel-borderlands/kb-control-plane/internal/ipc/rules.go:163.25,164.14 1 1
github.com/pardhuvarmax/kernel-borderlands/kb-control-plane/internal/ipc/rules.go:164.14,165.9 1 0
github.com/pardhuvarmax/kernel-borderlands/kb-control-plane/internal/ipc/rules.go:167.3,167.31 1 1
github.com/pardhuvarmax/kernel-borderlands/kb-control-plane/internal/ipc/rules.go:167.31,170.4 2 1
github.com/pardhuvarmax/kernel-borderlands/kb-control-plane/internal/ipc/rules.go:172.2,172.27 1 1
github.com/pardhuvarmax/kernel-borderlands/kb-control-plane/internal/ipc/rules.go:176.57,178.16 2 1
github.com/pardhuvarmax/kernel-borderlands/kb-control-plane/internal/ipc/rules.go:178.16,181.17 2 0
github.com/pardhuvarmax/kernel-borderlands/kb-control-plane/internal/ipc/rules.go:181.17,183.4 1 0
github.com/pardhuvarmax/kernel-borderlands/kb-control-plane/internal/ipc/rules.go:186.2,187.54 2 1
github.com/pardhuvarmax/kernel-borderlands/kb-control-plane/internal/ipc/rules.go:187.54,189.3 1 0
github.com/pardhuvarmax/kernel-borderlands/kb-control-plane/internal/ipc/rules.go:191.2,192.34 2 1
github.com/pardhuvarmax/kernel-borderlands/kb-control-plane/internal/ipc/rules.go:192.34,220.3 11 1
github.com/pardhuvarmax/kernel-borderlands/kb-control-plane/internal/ipc/rules.go:223.2,237.29 7 1
github.com/pardhuvarmax/kernel-borderlands/kb-control-plane/internal/ipc/rules.go:237.29,239.3 1 1
github.com/pardhuvarmax/kernel-borderlands/kb-control-plane/internal/ipc/rules.go:241.2,248.52 5 1
github.com/pardhuvarmax/kernel-borderlands/kb-control-plane/internal/ipc/rules.go:248.52,250.3 1 0
github.com/pardhuvarmax/kernel-borderlands/kb-control-plane/internal/ipc/rules.go:252.2,252.52 1 1
github.com/pardhuvarmax/kernel-borderlands/kb-control-plane/internal/ipc/rules.go:252.52,254.3 1 0
github.com/pardhuvarmax/kernel-borderlands/kb-control-plane/internal/ipc/rules.go:256.2,257.12 2 1
github.com/pardhuvarmax/kernel-borderlands/kb-control-plane/internal/ipc/sensitive_paths.go:28.62,37.26 6 0
github.com/pardhuvarmax/kernel-borderlands/kb-control-plane/internal/ipc/sensitive_paths.go:37.26,38.37 1 0
github.com/pardhuvarmax/kernel-borderlands/kb-control-plane/internal/ipc/sensitive_paths.go:38.37,40.4 1 0
github.com/pardhuvarmax/kernel-borderlands/kb-control-plane/internal/ipc/sensitive_paths.go:41.3,43.20 3 0
github.com/pardhuvarmax/kernel-borderlands/kb-control-plane/internal/ipc/sensitive_paths.go:46.2,52.52 5 0
github.com/pardhuvarmax/kernel-borderlands/kb-control-plane/internal/ipc/sensitive_paths.go:52.52,54.3 1 0
github.com/pardhuvarmax/kernel-borderlands/kb-control-plane/internal/ipc/sensitive_paths.go:55.2,55.52 1 0
github.com/pardhuvarmax/kernel-borderlands/kb-control-plane/internal/ipc/sensitive_paths.go:55.52,57.3 1 0
github.com/pardhuvarmax/kernel-borderlands/kb-control-plane/internal/ipc/sensitive_paths.go:59.2,60.12 2 0
github.com/pardhuvarmax/kernel-borderlands/kb-control-plane/internal/ipc/testing.go:8.60,10.26 2 0
github.com/pardhuvarmax/kernel-borderlands/kb-control-plane/internal/ipc/testing.go:10.26,12.3 1 0
github.com/pardhuvarmax/kernel-borderlands/kb-control-plane/internal/ipc/testing.go:13.2,13.33 1 0
github.com/pardhuvarmax/kernel-borderlands/kb-control-plane/internal/ipc/wire.go:20.29,21.49 1 0
github.com/pardhuvarmax/kernel-borderlands/kb-control-plane/internal/ipc/wire.go:21.49,23.6 1 0
github.com/pardhuvarmax/kernel-borderlands/kb-control-plane/internal/ipc/wire.go:24.5,24.29 1 0
github.com/pardhuvarmax/kernel-borderlands/kb-control-plane/internal/ipc/wire.go:29.36,30.58 1 0
github.com/pardhuvarmax/kernel-borderlands/kb-control-plane/internal/ipc/wire.go:30.58,32.6 1 0
github.com/pardhuvarmax/kernel-borderlands/kb-control-plane/internal/ipc/wire.go:33.5,33.25 1 0
github.com/pardhuvarmax/kernel-borderlands/kb-control-plane/internal/ipc/wire.go:42.33,43.14 1 1
github.com/pardhuvarmax/kernel-borderlands/kb-control-plane/internal/ipc/wire.go:44.19,44.40 1 1
github.com/pardhuvarmax/kernel-borderlands/kb-control-plane/internal/ipc/wire.go:45.25,45.46 1 1
github.com/pardhuvarmax/kernel-borderlands/kb-control-plane/internal/ipc/wire.go:46.26,46.47 1 1
github.com/pardhuvarmax/kernel-borderlands/kb-control-plane/internal/ipc/wire.go:47.13,47.43 1 1
github.com/pardhuvarmax/kernel-borderlands/kb-control-plane/internal/ipc/wire.go:84.54,87.2 2 1
github.com/pardhuvarmax/kernel-borderlands/kb-control-plane/internal/ipc/wire.go:97.62,99.28 2 1
github.com/pardhuvarmax/kernel-borderlands/kb-control-plane/internal/ipc/wire.go:99.28,101.6 1 1
github.com/pardhuvarmax/kernel-borderlands/kb-control-plane/internal/ipc/wire.go:102.5,110.27 11 1
github.com/pardhuvarmax/kernel-borderlands/kb-control-plane/internal/ipc/wire.go:110.27,110.39 1 1
github.com/pardhuvarmax/kernel-borderlands/kb-control-plane/internal/ipc/wire.go:110.39,110.61 2 1
github.com/pardhuvarmax/kernel-borderlands/kb-control-plane/internal/ipc/wire.go:111.5,116.35 6 1
github.com/pardhuvarmax/kernel-borderlands/kb-control-plane/internal/ipc/wire.go:116.35,118.6 1 1
github.com/pardhuvarmax/kernel-borderlands/kb-control-plane/internal/ipc/wire.go:119.5,125.20 7 1
github.com/pardhuvarmax/kernel-borderlands/kb-control-plane/internal/ipc/wire.go:128.66,130.28 2 1
github.com/pardhuvarmax/kernel-borderlands/kb-control-plane/internal/ipc/wire.go:130.28,132.6 1 1
github.com/pardhuvarmax/kernel-borderlands/kb-control-plane/internal/ipc/wire.go:133.5,141.20 13 1
github.com/pardhuvarmax/kernel-borderlands/kb-control-plane/internal/ipc/wire.go:144.60,146.28 2 1
github.com/pardhuvarmax/kernel-borderlands/kb-control-plane/internal/ipc/wire.go:146.28,148.6 1 1
github.com/pardhuvarmax/kernel-borderlands/kb-control-plane/internal/ipc/wire.go:149.5,154.20 8 1
github.com/pardhuvarmax/kernel-borderlands/kb-control-plane/internal/ipc/wire.go:159.57,159.84 1 0
github.com/pardhuvarmax/kernel-borderlands/kb-control-plane/internal/ipc/wire.go:161.35,162.9 1 0
github.com/pardhuvarmax/kernel-borderlands/kb-control-plane/internal/ipc/wire.go:162.9,164.81 2 0
github.com/pardhuvarmax/kernel-borderlands/kb-control-plane/internal/ipc/wire.go:164.81,166.10 1 0
github.com/pardhuvarmax/kernel-borderlands/kb-control-plane/internal/ipc/wire.go:167.9,167.42 1 0
github.com/pardhuvarmax/kernel-borderlands/kb-control-plane/internal/ipc/wire.go:167.42,169.10 1 0
github.com/pardhuvarmax/kernel-borderlands/kb-control-plane/internal/ipc/wire.go:170.9,171.59 2 0
github.com/pardhuvarmax/kernel-borderlands/kb-control-plane/internal/ipc/wire.go:171.59,171.73 1 0
github.com/pardhuvarmax/kernel-borderlands/kb-control-plane/internal/ipc/wire.go:172.9,172.25 1 0
github.com/pardhuvarmax/kernel-borderlands/kb-control-plane/internal/ipc/wire.go:172.25,172.35 1 0
github.com/pardhuvarmax/kernel-borderlands/kb-control-plane/internal/ipc/wire.go:174.9,178.31 4 0
github.com/pardhuvarmax/kernel-borderlands/kb-control-plane/internal/ipc/wire.go:178.31,179.21 1 0
github.com/pardhuvarmax/kernel-borderlands/kb-control-plane/internal/ipc/wire.go:181.9,181.35 1 0
github.com/pardhuvarmax/kernel-borderlands/kb-control-plane/internal/ipc/wire.go:181.35,183.10 1 0
github.com/pardhuvarmax/kernel-borderlands/kb-control-plane/internal/ipc/wire.go:185.9,185.24 1 0
github.com/pardhuvarmax/kernel-borderlands/kb-control-plane/internal/ipc/wire.go:186.34,187.63 1 0
github.com/pardhuvarmax/kernel-borderlands/kb-control-plane/internal/ipc/wire.go:187.63,189.14 1 0
github.com/pardhuvarmax/kernel-borderlands/kb-control-plane/internal/ipc/wire.go:190.36,191.65 1 0
github.com/pardhuvarmax/kernel-borderlands/kb-control-plane/internal/ipc/wire.go:191.65,193.14 1 0
github.com/pardhuvarmax/kernel-borderlands/kb-control-plane/internal/ipc/wire.go:194.33,195.62 1 0
github.com/pardhuvarmax/kernel-borderlands/kb-control-plane/internal/ipc/wire.go:195.62,197.14 1 0
github.com/pardhuvarmax/kernel-borderlands/kb-control-plane/internal/policy/policy.go:60.40,62.16 2 1
github.com/pardhuvarmax/kernel-borderlands/kb-control-plane/internal/policy/policy.go:62.16,64.3 1 1
github.com/pardhuvarmax/kernel-borderlands/kb-control-plane/internal/policy/policy.go:66.2,67.16 2 1
github.com/pardhuvarmax/kernel-borderlands/kb-control-plane/internal/policy/policy.go:67.16,70.3 2 1
github.com/pardhuvarmax/kernel-borderlands/kb-control-plane/internal/policy/policy.go:72.2,73.50 2 1
github.com/pardhuvarmax/kernel-borderlands/kb-control-plane/internal/policy/policy.go:73.50,75.3 1 1
github.com/pardhuvarmax/kernel-borderlands/kb-control-plane/internal/policy/policy.go:76.2,76.32 1 1
github.com/pardhuvarmax/kernel-borderlands/kb-control-plane/internal/policy/policy.go:76.32,78.3 1 1
github.com/pardhuvarmax/kernel-borderlands/kb-control-plane/internal/policy/policy.go:79.2,79.33 1 1
github.com/pardhuvarmax/kernel-borderlands/kb-control-plane/internal/policy/policy.go:79.33,81.3 1 1
github.com/pardhuvarmax/kernel-borderlands/kb-control-plane/internal/policy/policy.go:82.2,82.32 1 1
github.com/pardhuvarmax/kernel-borderlands/kb-control-plane/internal/policy/policy.go:82.32,84.3 1 1
github.com/pardhuvarmax/kernel-borderlands/kb-control-plane/internal/policy/policy.go:85.2,88.16 3 1
github.com/pardhuvarmax/kernel-borderlands/kb-control-plane/internal/policy/policy.go:88.16,90.3 1 1
github.com/pardhuvarmax/kernel-borderlands/kb-control-plane/internal/policy/policy.go:90.8,92.18 2 1
github.com/pardhuvarmax/kernel-borderlands/kb-control-plane/internal/policy/policy.go:92.18,94.4 1 1
github.com/pardhuvarmax/kernel-borderlands/kb-control-plane/internal/policy/policy.go:96.2,96.15 1 1
github.com/pardhuvarmax/kernel-borderlands/kb-control-plane/internal/policy/policy.go:99.50,100.33 1 1
github.com/pardhuvarmax/kernel-borderlands/kb-control-plane/internal/policy/policy.go:100.33,102.3 1 1
github.com/pardhuvarmax/kernel-borderlands/kb-control-plane/internal/policy/policy.go:103.2,103.14 1 1
github.com/pardhuvarmax/kernel-borderlands/kb-control-plane/internal/policy/policy.go:112.44,114.2 1 1
github.com/pardhuvarmax/kernel-borderlands/kb-control-plane/internal/policy/policy.go:120.63,122.39 2 1
github.com/pardhuvarmax/kernel-borderlands/kb-control-plane/internal/policy/policy.go:122.39,124.3 1 1
github.com/pardhuvarmax/kernel-borderlands/kb-control-plane/internal/policy/policy.go:126.2,128.26 3 1
github.com/pardhuvarmax/kernel-borderlands/kb-control-plane/internal/policy/policy.go:128.26,129.14 1 1
github.com/pardhuvarmax/kernel-borderlands/kb-control-plane/internal/policy/policy.go:129.14,131.4 1 0
github.com/pardhuvarmax/kernel-borderlands/kb-control-plane/internal/policy/policy.go:132.3,132.33 1 1
github.com/pardhuvarmax/kernel-borderlands/kb-control-plane/internal/policy/policy.go:132.33,134.4 1 1
github.com/pardhuvarmax/kernel-borderlands/kb-control-plane/internal/policy/policy.go:135.3,135.15 1 1
github.com/pardhuvarmax/kernel-borderlands/kb-control-plane/internal/policy/policy.go:135.15,137.4 1 1
github.com/pardhuvarmax/kernel-borderlands/kb-control-plane/internal/policy/policy.go:138.3,138.38 1 1
github.com/pardhuvarmax/kernel-borderlands/kb-control-plane/internal/policy/policy.go:138.38,140.4 1 1
github.com/pardhuvarmax/kernel-borderlands/kb-control-plane/internal/policy/policy.go:141.3,141.15 1 1
github.com/pardhuvarmax/kernel-borderlands/kb-control-plane/internal/policy/policy.go:141.15,142.12 1 1
github.com/pardhuvarmax/kernel-borderlands/kb-control-plane/internal/policy/policy.go:144.3,144.14 1 1
github.com/pardhuvarmax/kernel-borderlands/kb-control-plane/internal/policy/policy.go:144.14,145.12 1 1
github.com/pardhuvarmax/kernel-borderlands/kb-control-plane/internal/policy/policy.go:147.3,148.23 2 1
github.com/pardhuvarmax/kernel-borderlands/kb-control-plane/internal/policy/policy.go:151.2,151.109 1 1
github.com/pardhuvarmax/kernel-borderlands/kb-control-plane/internal/policy/policy.go:151.109,153.3 1 1
github.com/pardhuvarmax/kernel-borderlands/kb-control-plane/internal/policy/policy.go:155.2,155.17 1 1
github.com/pardhuvarmax/kernel-borderlands/kb-control-plane/internal/enforcement/enforce.go:13.45,15.2 1 1
github.com/pardhuvarmax/kernel-borderlands/kb-control-plane/internal/enforcement/enforce.go:24.75,25.15 1 1
github.com/pardhuvarmax/kernel-borderlands/kb-control-plane/internal/enforcement/enforce.go:27.54,28.75 1 1
github.com/pardhuvarmax/kernel-borderlands/kb-control-plane/internal/enforcement/enforce.go:28.75,30.4 1 1
github.com/pardhuvarmax/kernel-borderlands/kb-control-plane/internal/enforcement/enforce.go:31.3,31.13 1 1
github.com/pardhuvarmax/kernel-borderlands/kb-control-plane/internal/enforcement/enforce.go:32.10,33.72 1 1
github.com/pardhuvarmax/kernel-borderlands/kb-control-plane/internal/controlplane/controlplane.go:76.60,78.16 2 1
github.com/pardhuvarmax/kernel-borderlands/kb-control-plane/internal/controlplane/controlplane.go:78.16,80.3 1 0
github.com/pardhuvarmax/kernel-borderlands/kb-control-plane/internal/controlplane/controlplane.go:87.2,87.36 1 1
github.com/pardhuvarmax/kernel-borderlands/kb-control-plane/internal/controlplane/controlplane.go:87.36,89.3 1 0
github.com/pardhuvarmax/kernel-borderlands/kb-control-plane/internal/controlplane/controlplane.go:91.2,92.16 2 1
github.com/pardhuvarmax/kernel-borderlands/kb-control-plane/internal/controlplane/controlplane.go:92.16,94.3 1 0
github.com/pardhuvarmax/kernel-borderlands/kb-control-plane/internal/controlplane/controlplane.go:96.2,97.16 2 1
github.com/pardhuvarmax/kernel-borderlands/kb-control-plane/internal/controlplane/controlplane.go:97.16,99.3 1 0
github.com/pardhuvarmax/kernel-borderlands/kb-control-plane/internal/controlplane/controlplane.go:103.2,126.16 3 1
github.com/pardhuvarmax/kernel-borderlands/kb-control-plane/internal/controlplane/controlplane.go:126.16,128.3 1 0
github.com/pardhuvarmax/kernel-borderlands/kb-control-plane/internal/controlplane/controlplane.go:129.2,132.16 3 1
github.com/pardhuvarmax/kernel-borderlands/kb-control-plane/internal/controlplane/controlplane.go:132.16,134.3 1 0
github.com/pardhuvarmax/kernel-borderlands/kb-control-plane/internal/controlplane/controlplane.go:135.2,141.16 4 1
github.com/pardhuvarmax/kernel-borderlands/kb-control-plane/internal/controlplane/controlplane.go:144.39,146.46 1 0
github.com/pardhuvarmax/kernel-borderlands/kb-control-plane/internal/controlplane/controlplane.go:146.46,148.3 1 0
github.com/pardhuvarmax/kernel-borderlands/kb-control-plane/internal/controlplane/controlplane.go:151.2,151.12 1 0
github.com/pardhuvarmax/kernel-borderlands/kb-control-plane/internal/controlplane/controlplane.go:151.12,152.55 1 0
github.com/pardhuvarmax/kernel-borderlands/kb-control-plane/internal/controlplane/controlplane.go:152.55,154.4 1 0
github.com/pardhuvarmax/kernel-borderlands/kb-control-plane/internal/controlplane/controlplane.go:156.2,156.12 1 0
github.com/pardhuvarmax/kernel-borderlands/kb-control-plane/internal/controlplane/controlplane.go:156.12,157.53 1 0
github.com/pardhuvarmax/kernel-borderlands/kb-control-plane/internal/controlplane/controlplane.go:157.53,159.4 1 0
github.com/pardhuvarmax/kernel-borderlands/kb-control-plane/internal/controlplane/controlplane.go:162.2,163.26 2 0
github.com/pardhuvarmax/kernel-borderlands/kb-control-plane/internal/controlplane/controlplane.go:163.26,165.3 1 0
github.com/pardhuvarmax/kernel-borderlands/kb-control-plane/internal/controlplane/controlplane.go:166.2,167.16 2 0
github.com/pardhuvarmax/kernel-borderlands/kb-control-plane/internal/controlplane/controlplane.go:167.16,169.3 1 0
github.com/pardhuvarmax/kernel-borderlands/kb-control-plane/internal/controlplane/controlplane.go:171.2,175.12 4 0
github.com/pardhuvarmax/kernel-borderlands/kb-control-plane/internal/controlplane/controlplane.go:175.12,177.44 2 0
github.com/pardhuvarmax/kernel-borderlands/kb-control-plane/internal/controlplane/controlplane.go:177.44,179.4 1 0
github.com/pardhuvarmax/kernel-borderlands/kb-control-plane/internal/controlplane/controlplane.go:183.2,183.12 1 0
github.com/pardhuvarmax/kernel-borderlands/kb-control-plane/internal/controlplane/controlplane.go:183.12,184.53 1 0
github.com/pardhuvarmax/kernel-borderlands/kb-control-plane/internal/controlplane/controlplane.go:184.53,186.4 1 0
github.com/pardhuvarmax/kernel-borderlands/kb-control-plane/internal/controlplane/controlplane.go:194.2,194.50 1 0
github.com/pardhuvarmax/kernel-borderlands/kb-control-plane/internal/controlplane/controlplane.go:194.50,196.3 1 0
github.com/pardhuvarmax/kernel-borderlands/kb-control-plane/internal/controlplane/controlplane.go:196.8,198.3 1 0
github.com/pardhuvarmax/kernel-borderlands/kb-control-plane/internal/controlplane/controlplane.go:200.2,201.12 2 0
github.com/pardhuvarmax/kernel-borderlands/kb-control-plane/internal/controlplane/controlplane.go:209.70,211.16 2 1
github.com/pardhuvarmax/kernel-borderlands/kb-control-plane/internal/controlplane/controlplane.go:211.16,213.3 1 0
github.com/pardhuvarmax/kernel-borderlands/kb-control-plane/internal/controlplane/controlplane.go:215.2,219.31 4 1
github.com/pardhuvarmax/kernel-borderlands/kb-control-plane/internal/controlplane/controlplane.go:219.31,221.3 1 1
github.com/pardhuvarmax/kernel-borderlands/kb-control-plane/internal/controlplane/controlplane.go:223.2,225.23 3 1
github.com/pardhuvarmax/kernel-borderlands/kb-control-plane/internal/controlplane/controlplane.go:228.32,232.28 1 0
github.com/pardhuvarmax/kernel-borderlands/kb-control-plane/internal/controlplane/controlplane.go:232.28,234.3 1 0
github.com/pardhuvarmax/kernel-borderlands/kb-control-plane/internal/controlplane/controlplane.go:235.2,235.26 1 0
github.com/pardhuvarmax/kernel-borderlands/kb-control-plane/internal/controlplane/controlplane.go:235.26,236.46 1 0
github.com/pardhuvarmax/kernel-borderlands/kb-control-plane/internal/controlplane/controlplane.go:236.46,238.4 1 0
github.com/pardhuvarmax/kernel-borderlands/kb-control-plane/internal/controlplane/controlplane.go:240.2,242.26 3 0
github.com/pardhuvarmax/kernel-borderlands/kb-control-plane/internal/controlplane/controlplane.go:242.26,244.3 1 0
github.com/pardhuvarmax/kernel-borderlands/kb-control-plane/internal/controlplane/controlplane.go:245.2,248.33 3 0
github.com/pardhuvarmax/kernel-borderlands/kb-control-plane/internal/controlplane/controlplane.go:248.33,250.3 1 0
github.com/pardhuvarmax/kernel-borderlands/kb-control-plane/internal/controlplane/controlplane.go:251.2,251.31 1 0
github.com/pardhuvarmax/kernel-borderlands/kb-control-plane/internal/controlplane/controlplane.go:251.31,253.3 1 0
github.com/pardhuvarmax/kernel-borderlands/kb-control-plane/internal/controlplane/controlplane.go:259.52,260.63 1 1
github.com/pardhuvarmax/kernel-borderlands/kb-control-plane/internal/controlplane/controlplane.go:260.63,262.3 1 0
github.com/pardhuvarmax/kernel-borderlands/kb-control-plane/internal/controlplane/controlplane.go:263.2,264.16 2 1
github.com/pardhuvarmax/kernel-borderlands/kb-control-plane/internal/controlplane/controlplane.go:264.16,266.3 1 0
github.com/pardhuvarmax/kernel-borderlands/kb-control-plane/internal/controlplane/controlplane.go:267.2,267.46 1 1
github.com/pardhuvarmax/kernel-borderlands/kb-control-plane/internal/controlplane/controlplane.go:267.46,270.3 2 0
github.com/pardhuvarmax/kernel-borderlands/kb-control-plane/internal/controlplane/controlplane.go:271.2,271.17 1 1
github.com/pardhuvarmax/kernel-borderlands/kb-control-plane/internal/controlplane/controlplane.go:277.72,281.2 3 1
github.com/pardhuvarmax/kernel-borderlands/kb-control-plane/internal/controlplane/controlplane.go:289.65,292.2 2 1
github.com/pardhuvarmax/kernel-borderlands/kb-control-plane/internal/controlplane/controlplane.go:297.49,299.2 1 1
github.com/pardhuvarmax/kernel-borderlands/kb-control-plane/internal/controlplane/controlplane.go:313.54,317.16 3 1
github.com/pardhuvarmax/kernel-borderlands/kb-control-plane/internal/controlplane/controlplane.go:317.16,319.74 2 1
github.com/pardhuvarmax/kernel-borderlands/kb-control-plane/internal/controlplane/controlplane.go:319.74,324.4 2 1
github.com/pardhuvarmax/kernel-borderlands/kb-control-plane/internal/controlplane/controlplane.go:325.3,325.9 1 1
github.com/pardhuvarmax/kernel-borderlands/kb-control-plane/internal/controlplane/controlplane.go:328.2,329.23 2 1
github.com/pardhuvarmax/kernel-borderlands/kb-control-plane/internal/controlplane/controlplane.go:329.23,332.3 2 1
github.com/pardhuvarmax/kernel-borderlands/kb-control-plane/internal/controlplane/controlplane.go:337.66,342.16 4 1
github.com/pardhuvarmax/kernel-borderlands/kb-control-plane/internal/controlplane/controlplane.go:342.16,344.3 1 0
github.com/pardhuvarmax/kernel-borderlands/kb-control-plane/internal/controlplane/controlplane.go:345.2,368.4 2 1
github.com/pardhuvarmax/kernel-borderlands/kb-control-plane/internal/controlplane/controlplane.go:371.64,376.94 2 1
github.com/pardhuvarmax/kernel-borderlands/kb-control-plane/internal/controlplane/controlplane.go:376.94,378.3 1 0
github.com/pardhuvarmax/kernel-borderlands/kb-control-plane/internal/controlplane/controlplane.go:379.2,379.80 1 1
github.com/pardhuvarmax/kernel-borderlands/kb-control-plane/internal/controlplane/controlplane.go:382.70,385.45 3 1
github.com/pardhuvarmax/kernel-borderlands/kb-control-plane/internal/controlplane/controlplane.go:385.45,387.3 1 1
github.com/pardhuvarmax/kernel-borderlands/kb-control-plane/internal/controlplane/controlplane.go:389.2,394.16 3 1
github.com/pardhuvarmax/kernel-borderlands/kb-control-plane/internal/controlplane/controlplane.go:394.16,396.3 1 1
github.com/pardhuvarmax/kernel-borderlands/kb-control-plane/internal/controlplane/controlplane.go:396.8,396.16 1 1
github.com/pardhuvarmax/kernel-borderlands/kb-control-plane/internal/controlplane/controlplane.go:396.16,399.3 2 1
github.com/pardhuvarmax/kernel-borderlands/kb-control-plane/internal/controlplane/controlplane.go:401.2,404.39 3 1
github.com/pardhuvarmax/kernel-borderlands/kb-control-plane/internal/controlplane/controlplane.go:404.39,423.20 6 0
github.com/pardhuvarmax/kernel-borderlands/kb-control-plane/internal/controlplane/controlplane.go:423.20,428.4 2 0
github.com/pardhuvarmax/kernel-borderlands/kb-control-plane/internal/controlplane/controlplane.go:428.9,433.4 2 0
github.com/pardhuvarmax/kernel-borderlands/kb-control-plane/internal/controlplane/controlplane.go:436.2,446.4 1 1
github.com/pardhuvarmax/kernel-borderlands/kb-control-plane/internal/controlplane/controlplane.go:449.52,452.34 3 1
github.com/pardhuvarmax/kernel-borderlands/kb-control-plane/internal/controlplane/controlplane.go:452.34,453.10 1 0
github.com/pardhuvarmax/kernel-borderlands/kb-control-plane/internal/controlplane/controlplane.go:454.16,454.16 0 0
github.com/pardhuvarmax/kernel-borderlands/kb-control-plane/internal/controlplane/controlplane.go:455.11,455.11 0 0
github.com/pardhuvarmax/kernel-borderlands/kb-control-plane/internal/controlplane/controlplane.go:460.50,463.34 3 0
github.com/pardhuvarmax/kernel-borderlands/kb-control-plane/internal/controlplane/controlplane.go:463.34,464.10 1 0
github.com/pardhuvarmax/kernel-borderlands/kb-control-plane/internal/controlplane/controlplane.go:465.16,465.16 0 0
github.com/pardhuvarmax/kernel-borderlands/kb-control-plane/internal/controlplane/controlplane.go:466.11,466.11 0 0
github.com/pardhuvarmax/kernel-borderlands/kb-control-plane/internal/controlplane/controlplane.go:471.43,479.39 6 1
github.com/pardhuvarmax/kernel-borderlands/kb-control-plane/internal/controlplane/controlplane.go:479.39,480.22 1 1
github.com/pardhuvarmax/kernel-borderlands/kb-control-plane/internal/controlplane/controlplane.go:480.22,482.9 2 1
github.com/pardhuvarmax/kernel-borderlands/kb-control-plane/internal/controlplane/controlplane.go:485.2,485.13 1 1
github.com/pardhuvarmax/kernel-borderlands/kb-control-plane/internal/controlplane/controlplane.go:485.13,487.3 1 0
github.com/pardhuvarmax/kernel-borderlands/kb-control-plane/internal/controlplane/controlplane.go:490.54,496.39 5 0
github.com/pardhuvarmax/kernel-borderlands/kb-control-plane/internal/controlplane/controlplane.go:496.39,497.22 1 0
github.com/pardhuvarmax/kernel-borderlands/kb-control-plane/internal/controlplane/controlplane.go:497.22,499.4 1 0
github.com/pardhuvarmax/kernel-borderlands/kb-control-plane/internal/controlplane/controlplane.go:501.2,501.30 1 0
github.com/pardhuvarmax/kernel-borderlands/kb-control-plane/internal/controlplane/grpc.go:17.60,27.2 1 1
github.com/pardhuvarmax/kernel-borderlands/kb-control-plane/internal/controlplane/grpc.go:31.29,33.9 2 1
github.com/pardhuvarmax/kernel-borderlands/kb-control-plane/internal/controlplane/grpc.go:33.9,35.3 1 1
github.com/pardhuvarmax/kernel-borderlands/kb-control-plane/internal/controlplane/grpc.go:36.2,36.31 1 1
github.com/pardhuvarmax/kernel-borderlands/kb-control-plane/internal/controlplane/grpc.go:42.9,43.61 1 0
github.com/pardhuvarmax/kernel-borderlands/kb-control-plane/internal/controlplane/grpc.go:43.61,44.56 1 0
github.com/pardhuvarmax/kernel-borderlands/kb-control-plane/internal/controlplane/grpc.go:44.56,46.4 1 0
github.com/pardhuvarmax/kernel-borderlands/kb-control-plane/internal/controlplane/grpc.go:48.2,48.12 1 0
github.com/pardhuvarmax/kernel-borderlands/kb-control-plane/internal/controlplane/grpc.go:53.36,62.2 4 0
github.com/pardhuvarmax/kernel-borderlands/kb-control-plane/internal/controlplane/grpc.go:67.9,72.15 5 0
github.com/pardhuvarmax/kernel-borderlands/kb-control-plane/internal/controlplane/grpc.go:72.15,74.34 2 0
github.com/pardhuvarmax/kernel-borderlands/kb-control-plane/internal/controlplane/grpc.go:74.34,75.15 1 0
github.com/pardhuvarmax/kernel-borderlands/kb-control-plane/internal/controlplane/grpc.go:75.15,77.10 2 0
github.com/pardhuvarmax/kernel-borderlands/kb-control-plane/internal/controlplane/grpc.go:80.3,80.20 1 0
github.com/pardhuvarmax/kernel-borderlands/kb-control-plane/internal/controlplane/grpc.go:82.2,82.6 1 0
github.com/pardhuvarmax/kernel-borderlands/kb-control-plane/internal/controlplane/grpc.go:82.6,83.10 1 0
github.com/pardhuvarmax/kernel-borderlands/kb-control-plane/internal/controlplane/grpc.go:84.18,85.41 1 0
github.com/pardhuvarmax/kernel-borderlands/kb-control-plane/internal/controlplane/grpc.go:85.41,87.5 1 0
github.com/pardhuvarmax/kernel-borderlands/kb-control-plane/internal/controlplane/grpc.go:88.34,89.14 1 0
github.com/pardhuvarmax/kernel-borderlands/kb-control-plane/internal/controlplane/grpc.go:97.9,102.15 5 0
github.com/pardhuvarmax/kernel-borderlands/kb-control-plane/internal/controlplane/grpc.go:102.15,104.34 2 0
github.com/pardhuvarmax/kernel-borderlands/kb-control-plane/internal/controlplane/grpc.go:104.34,105.15 1 0
github.com/pardhuvarmax/kernel-borderlands/kb-control-plane/internal/controlplane/grpc.go:105.15,107.10 2 0
github.com/pardhuvarmax/kernel-borderlands/kb-control-plane/internal/controlplane/grpc.go:110.3,110.22 1 0
github.com/pardhuvarmax/kernel-borderlands/kb-control-plane/internal/controlplane/grpc.go:112.2,112.6 1 0
github.com/pardhuvarmax/kernel-borderlands/kb-control-plane/internal/controlplane/grpc.go:112.6,113.10 1 0
github.com/pardhuvarmax/kernel-borderlands/kb-control-plane/internal/controlplane/grpc.go:114.18,115.41 1 0
github.com/pardhuvarmax/kernel-borderlands/kb-control-plane/internal/controlplane/grpc.go:115.41,117.5 1 0
github.com/pardhuvarmax/kernel-borderlands/kb-control-plane/internal/controlplane/grpc.go:118.34,119.14 1 0
github.com/pardhuvarmax/kernel-borderlands/kb-control-plane/internal/controlplane/grpc.go:126.28,127.52 1 0
github.com/pardhuvarmax/kernel-borderlands/kb-control-plane/internal/controlplane/grpc.go:127.52,132.3 1 0
github.com/pardhuvarmax/kernel-borderlands/kb-control-plane/internal/controlplane/grpc.go:133.2,140.18 3 0
github.com/pardhuvarmax/kernel-borderlands/kb-control-plane/internal/controlplane/grpc.go:141.19,142.81 1 0
github.com/pardhuvarmax/kernel-borderlands/kb-control-plane/internal/controlplane/grpc.go:143.19,144.81 1 0
github.com/pardhuvarmax/kernel-borderlands/kb-control-plane/internal/controlplane/grpc.go:145.17,146.79 1 0
github.com/pardhuvarmax/kernel-borderlands/kb-control-plane/internal/controlplane/grpc.go:147.16,148.78 1 0
github.com/pardhuvarmax/kernel-borderlands/kb-control-plane/internal/controlplane/grpc.go:150.2,150.65 1 0
github.com/pardhuvarmax/kernel-borderlands/kb-control-plane/internal/controlplane/grpc.go:155.28,162.2 3 0
github.com/pardhuvarmax/kernel-borderlands/kb-control-plane/internal/controlplane/grpc.go:170.36,176.16 3 1
github.com/pardhuvarmax/kernel-borderlands/kb-control-plane/internal/controlplane/grpc.go:176.16,178.3 1 0
github.com/pardhuvarmax/kernel-borderlands/kb-control-plane/internal/controlplane/grpc.go:179.2,179.18 1 1
github.com/pardhuvarmax/kernel-borderlands/kb-control-plane/internal/controlplane/grpc.go:185.36,190.16 2 1
github.com/pardhuvarmax/kernel-borderlands/kb-control-plane/internal/controlplane/grpc.go:190.16,192.3 1 0
github.com/pardhuvarmax/kernel-borderlands/kb-control-plane/internal/controlplane/grpc.go:193.2,196.18 3 1
github.com/pardhuvarmax/kernel-borderlands/kb-control-plane/internal/controlplane/grpc.go:196.18,198.115 2 1
github.com/pardhuvarmax/kernel-borderlands/kb-control-plane/internal/controlplane/grpc.go:198.115,200.4 1 0
github.com/pardhuvarmax/kernel-borderlands/kb-control-plane/internal/controlplane/grpc.go:201.3,201.32 1 1
github.com/pardhuvarmax/kernel-borderlands/kb-control-plane/internal/controlplane/grpc.go:203.2,203.55 1 1
github.com/pardhuvarmax/kernel-borderlands/kb-control-plane/internal/controlplane/grpc.go:213.37,214.49 1 1
github.com/pardhuvarmax/kernel-borderlands/kb-control-plane/internal/controlplane/grpc.go:214.49,216.3 1 1
github.com/pardhuvarmax/kernel-borderlands/kb-control-plane/internal/controlplane/grpc.go:217.2,222.53 2 1
github.com/pardhuvarmax/kernel-borderlands/kb-control-plane/internal/controlplane/grpc.go:229.37,231.16 2 1
github.com/pardhuvarmax/kernel-borderlands/kb-control-plane/internal/controlplane/grpc.go:231.16,233.3 1 0
github.com/pardhuvarmax/kernel-borderlands/kb-control-plane/internal/controlplane/grpc.go:234.2,235.65 2 1
github.com/pardhuvarmax/kernel-borderlands/kb-control-plane/internal/controlplane/http.go:25.60,42.2 14 0
github.com/pardhuvarmax/kernel-borderlands/kb-control-plane/internal/controlplane/http.go:44.47,45.71 1 0
github.com/pardhuvarmax/kernel-borderlands/kb-control-plane/internal/controlplane/http.go:45.71,49.28 4 0
github.com/pardhuvarmax/kernel-borderlands/kb-control-plane/internal/controlplane/http.go:49.28,52.4 2 0
github.com/pardhuvarmax/kernel-borderlands/kb-control-plane/internal/controlplane/http.go:53.3,53.20 1 0
github.com/pardhuvarmax/kernel-borderlands/kb-control-plane/internal/controlplane/http.go:58.66,62.2 3 0
github.com/pardhuvarmax/kernel-borderlands/kb-control-plane/internal/controlplane/http.go:70.74,71.23 1 0
github.com/pardhuvarmax/kernel-borderlands/kb-control-plane/internal/controlplane/http.go:71.23,74.3 2 0
github.com/pardhuvarmax/kernel-borderlands/kb-control-plane/internal/controlplane/http.go:75.2,75.23 1 0
github.com/pardhuvarmax/kernel-borderlands/kb-control-plane/internal/controlplane/http.go:75.23,78.3 2 0
github.com/pardhuvarmax/kernel-borderlands/kb-control-plane/internal/controlplane/http.go:79.2,92.4 1 0
github.com/pardhuvarmax/kernel-borderlands/kb-control-plane/internal/controlplane/http.go:95.78,96.23 1 0
github.com/pardhuvarmax/kernel-borderlands/kb-control-plane/internal/controlplane/http.go:96.23,99.3 2 0
github.com/pardhuvarmax/kernel-borderlands/kb-control-plane/internal/controlplane/http.go:101.2,113.28 4 0
github.com/pardhuvarmax/kernel-borderlands/kb-control-plane/internal/controlplane/http.go:113.28,125.3 3 0
github.com/pardhuvarmax/kernel-borderlands/kb-control-plane/internal/controlplane/http.go:128.2,128.17 1 0
github.com/pardhuvarmax/kernel-borderlands/kb-control-plane/internal/controlplane/http.go:128.17,130.3 1 0
github.com/pardhuvarmax/kernel-borderlands/kb-control-plane/internal/controlplane/http.go:131.2,131.35 1 0
github.com/pardhuvarmax/kernel-borderlands/kb-control-plane/internal/controlplane/http.go:134.75,135.23 1 0
github.com/pardhuvarmax/kernel-borderlands/kb-control-plane/internal/controlplane/http.go:135.23,138.3 2 0
github.com/pardhuvarmax/kernel-borderlands/kb-control-plane/internal/controlplane/http.go:141.2,148.16 3 0
github.com/pardhuvarmax/kernel-borderlands/kb-control-plane/internal/controlplane/http.go:148.16,151.3 2 0
github.com/pardhuvarmax/kernel-borderlands/kb-control-plane/internal/controlplane/http.go:152.2,165.18 4 0
github.com/pardhuvarmax/kernel-borderlands/kb-control-plane/internal/controlplane/http.go:165.18,173.88 7 0
github.com/pardhuvarmax/kernel-borderlands/kb-control-plane/internal/controlplane/http.go:173.88,174.12 1 0
github.com/pardhuvarmax/kernel-borderlands/kb-control-plane/internal/controlplane/http.go:177.3,189.5 2 0
github.com/pardhuvarmax/kernel-borderlands/kb-control-plane/internal/controlplane/http.go:192.2,192.17 1 0
github.com/pardhuvarmax/kernel-borderlands/kb-control-plane/internal/controlplane/http.go:192.17,194.3 1 0
github.com/pardhuvarmax/kernel-borderlands/kb-control-plane/internal/controlplane/http.go:195.2,195.35 1 0
github.com/pardhuvarmax/kernel-borderlands/kb-control-plane/internal/controlplane/http.go:198.73,199.23 1 0
github.com/pardhuvarmax/kernel-borderlands/kb-control-plane/internal/controlplane/http.go:199.23,202.3 2 0
github.com/pardhuvarmax/kernel-borderlands/kb-control-plane/internal/controlplane/http.go:204.2,210.16 3 0
github.com/pardhuvarmax/kernel-borderlands/kb-control-plane/internal/controlplane/http.go:210.16,213.3 2 0
github.com/pardhuvarmax/kernel-borderlands/kb-control-plane/internal/controlplane/http.go:214.2,225.18 4 0
github.com/pardhuvarmax/kernel-borderlands/kb-control-plane/internal/controlplane/http.go:225.18,228.78 3 0
github.com/pardhuvarmax/kernel-borderlands/kb-control-plane/internal/controlplane/http.go:228.78,229.12 1 0
github.com/pardhuvarmax/kernel-borderlands/kb-control-plane/internal/controlplane/http.go:231.3,238.5 2 0
github.com/pardhuvarmax/kernel-borderlands/kb-control-plane/internal/controlplane/http.go:241.2,241.17 1 0
github.com/pardhuvarmax/kernel-borderlands/kb-control-plane/internal/controlplane/http.go:241.17,243.3 1 0
github.com/pardhuvarmax/kernel-borderlands/kb-control-plane/internal/controlplane/http.go:244.2,244.35 1 0
github.com/pardhuvarmax/kernel-borderlands/kb-control-plane/internal/controlplane/http.go:250.80,251.23 1 0
github.com/pardhuvarmax/kernel-borderlands/kb-control-plane/internal/controlplane/http.go:251.23,254.3 2 0
github.com/pardhuvarmax/kernel-borderlands/kb-control-plane/internal/controlplane/http.go:255.2,257.16 3 0
github.com/pardhuvarmax/kernel-borderlands/kb-control-plane/internal/controlplane/http.go:257.16,259.3 1 0
github.com/pardhuvarmax/kernel-borderlands/kb-control-plane/internal/controlplane/http.go:260.2,260.35 1 0
github.com/pardhuvarmax/kernel-borderlands/kb-control-plane/internal/controlplane/http.go:264.41,266.16 2 0
github.com/pardhuvarmax/kernel-borderlands/kb-control-plane/internal/controlplane/http.go:266.16,268.3 1 0
github.com/pardhuvarmax/kernel-borderlands/kb-control-plane/internal/controlplane/http.go:269.2,269.26 1 0
github.com/pardhuvarmax/kernel-borderlands/kb-control-plane/internal/controlplane/http.go:269.26,270.17 1 0
github.com/pardhuvarmax/kernel-borderlands/kb-control-plane/internal/controlplane/http.go:270.17,271.12 1 0
github.com/pardhuvarmax/kernel-borderlands/kb-control-plane/internal/controlplane/http.go:273.3,273.51 1 0
github.com/pardhuvarmax/kernel-borderlands/kb-control-plane/internal/controlplane/http.go:273.51,274.12 1 0
github.com/pardhuvarmax/kernel-borderlands/kb-control-plane/internal/controlplane/http.go:276.3,277.17 2 0
github.com/pardhuvarmax/kernel-borderlands/kb-control-plane/internal/controlplane/http.go:277.17,278.12 1 0
github.com/pardhuvarmax/kernel-borderlands/kb-control-plane/internal/controlplane/http.go:282.3,283.28 2 0
github.com/pardhuvarmax/kernel-borderlands/kb-control-plane/internal/controlplane/http.go:283.28,284.21 1 0
github.com/pardhuvarmax/kernel-borderlands/kb-control-plane/internal/controlplane/http.go:284.21,285.13 1 0
github.com/pardhuvarmax/kernel-borderlands/kb-control-plane/internal/controlplane/http.go:288.4,289.54 2 0
github.com/pardhuvarmax/kernel-borderlands/kb-control-plane/internal/controlplane/http.go:289.54,291.5 1 0
github.com/pardhuvarmax/kernel-borderlands/kb-control-plane/internal/controlplane/http.go:292.4,292.39 1 0
github.com/pardhuvarmax/kernel-borderlands/kb-control-plane/internal/controlplane/http.go:292.39,294.5 1 0
github.com/pardhuvarmax/kernel-borderlands/kb-control-plane/internal/controlplane/http.go:297.2,297.14 1 0
github.com/pardhuvarmax/kernel-borderlands/kb-control-plane/internal/controlplane/http.go:300.37,302.16 2 0
github.com/pardhuvarmax/kernel-borderlands/kb-control-plane/internal/controlplane/http.go:302.16,304.3 1 0
github.com/pardhuvarmax/kernel-borderlands/kb-control-plane/internal/controlplane/http.go:305.2,306.13 2 0
github.com/pardhuvarmax/kernel-borderlands/kb-control-plane/internal/controlplane/http.go:309.77,310.23 1 0
github.com/pardhuvarmax/kernel-borderlands/kb-control-plane/internal/controlplane/http.go:310.23,313.3 2 0
github.com/pardhuvarmax/kernel-borderlands/kb-control-plane/internal/controlplane/http.go:315.2,316.36 2 0
github.com/pardhuvarmax/kernel-borderlands/kb-control-plane/internal/controlplane/http.go:316.36,318.3 1 0
github.com/pardhuvarmax/kernel-borderlands/kb-control-plane/internal/controlplane/http.go:320.2,322.29 3 0
github.com/pardhuvarmax/kernel-borderlands/kb-control-plane/internal/controlplane/http.go:322.29,324.3 1 0
github.com/pardhuvarmax/kernel-borderlands/kb-control-plane/internal/controlplane/http.go:325.2,325.124 1 0
github.com/pardhuvarmax/kernel-borderlands/kb-control-plane/internal/controlplane/http.go:325.124,327.3 1 0
github.com/pardhuvarmax/kernel-borderlands/kb-control-plane/internal/controlplane/http.go:329.2,330.63 2 0
github.com/pardhuvarmax/kernel-borderlands/kb-control-plane/internal/controlplane/http.go:330.63,332.3 1 0
github.com/pardhuvarmax/kernel-borderlands/kb-control-plane/internal/controlplane/http.go:334.2,335.26 2 0
github.com/pardhuvarmax/kernel-borderlands/kb-control-plane/internal/controlplane/http.go:335.26,337.3 1 0
github.com/pardhuvarmax/kernel-borderlands/kb-control-plane/internal/controlplane/http.go:338.2,339.34 2 0
github.com/pardhuvarmax/kernel-borderlands/kb-control-plane/internal/controlplane/http.go:339.34,341.3 1 0
github.com/pardhuvarmax/kernel-borderlands/kb-control-plane/internal/controlplane/http.go:343.2,344.35 2 0
github.com/pardhuvarmax/kernel-borderlands/kb-control-plane/internal/controlplane/http.go:344.35,346.3 1 0
github.com/pardhuvarmax/kernel-borderlands/kb-control-plane/internal/controlplane/http.go:348.2,357.39 2 0
github.com/pardhuvarmax/kernel-borderlands/kb-control-plane/internal/controlplane/http.go:360.76,361.23 1 0
github.com/pardhuvarmax/kernel-borderlands/kb-control-plane/internal/controlplane/http.go:361.23,364.3 2 0
github.com/pardhuvarmax/kernel-borderlands/kb-control-plane/internal/controlplane/http.go:366.2,372.16 6 0
github.com/pardhuvarmax/kernel-borderlands/kb-control-plane/internal/controlplane/http.go:372.16,374.3 1 0
github.com/pardhuvarmax/kernel-borderlands/kb-control-plane/internal/controlplane/http.go:376.2,377.13 2 0
github.com/pardhuvarmax/kernel-borderlands/kb-control-plane/internal/controlplane/http.go:377.13,379.3 1 0
github.com/pardhuvarmax/kernel-borderlands/kb-control-plane/internal/controlplane/http.go:381.2,382.33 2 0
github.com/pardhuvarmax/kernel-borderlands/kb-control-plane/internal/controlplane/http.go:382.33,384.3 1 0
github.com/pardhuvarmax/kernel-borderlands/kb-control-plane/internal/controlplane/http.go:384.8,386.3 1 0
github.com/pardhuvarmax/kernel-borderlands/kb-control-plane/internal/controlplane/http.go:388.2,395.38 2 0
github.com/pardhuvarmax/kernel-borderlands/kb-control-plane/internal/controlplane/http.go:398.76,399.24 1 0
github.com/pardhuvarmax/kernel-borderlands/kb-control-plane/internal/controlplane/http.go:399.24,402.3 2 0
github.com/pardhuvarmax/kernel-borderlands/kb-control-plane/internal/controlplane/http.go:404.2,407.61 2 0
github.com/pardhuvarmax/kernel-borderlands/kb-control-plane/internal/controlplane/http.go:407.61,410.3 2 0
github.com/pardhuvarmax/kernel-borderlands/kb-control-plane/internal/controlplane/http.go:413.2,422.63 4 0
github.com/pardhuvarmax/kernel-borderlands/kb-control-plane/internal/controlplane/http.go:425.76,426.24 1 0
github.com/pardhuvarmax/kernel-borderlands/kb-control-plane/internal/controlplane/http.go:426.24,429.3 2 0
github.com/pardhuvarmax/kernel-borderlands/kb-control-plane/internal/controlplane/http.go:431.2,434.61 2 0
github.com/pardhuvarmax/kernel-borderlands/kb-control-plane/internal/controlplane/http.go:434.61,437.3 2 0
github.com/pardhuvarmax/kernel-borderlands/kb-control-plane/internal/controlplane/http.go:440.2,449.63 4 0
github.com/pardhuvarmax/kernel-borderlands/kb-control-plane/internal/controlplane/http.go:452.75,471.15 13 0
github.com/pardhuvarmax/kernel-borderlands/kb-control-plane/internal/controlplane/http.go:471.15,474.38 2 0
github.com/pardhuvarmax/kernel-borderlands/kb-control-plane/internal/controlplane/http.go:474.38,475.23 1 0
github.com/pardhuvarmax/kernel-borderlands/kb-control-plane/internal/controlplane/http.go:475.23,477.10 2 0
github.com/pardhuvarmax/kernel-borderlands/kb-control-plane/internal/controlplane/http.go:480.3,484.38 3 0
github.com/pardhuvarmax/kernel-borderlands/kb-control-plane/internal/controlplane/http.go:484.38,485.23 1 0
github.com/pardhuvarmax/kernel-borderlands/kb-control-plane/internal/controlplane/http.go:485.23,487.10 2 0
github.com/pardhuvarmax/kernel-borderlands/kb-control-plane/internal/controlplane/http.go:490.3,490.24 1 0
github.com/pardhuvarmax/kernel-borderlands/kb-control-plane/internal/controlplane/http.go:493.2,494.9 2 0
github.com/pardhuvarmax/kernel-borderlands/kb-control-plane/internal/controlplane/http.go:494.9,497.3 2 0
github.com/pardhuvarmax/kernel-borderlands/kb-control-plane/internal/controlplane/http.go:500.2,514.60 7 0
github.com/pardhuvarmax/kernel-borderlands/kb-control-plane/internal/controlplane/http.go:514.60,519.17 5 0
github.com/pardhuvarmax/kernel-borderlands/kb-control-plane/internal/controlplane/http.go:519.17,521.4 1 0
github.com/pardhuvarmax/kernel-borderlands/kb-control-plane/internal/controlplane/http.go:522.3,523.17 2 0
github.com/pardhuvarmax/kernel-borderlands/kb-control-plane/internal/controlplane/http.go:523.17,525.4 1 0
github.com/pardhuvarmax/kernel-borderlands/kb-control-plane/internal/controlplane/http.go:526.3,527.13 2 0
github.com/pardhuvarmax/kernel-borderlands/kb-control-plane/internal/controlplane/http.go:530.2,530.6 1 0
github.com/pardhuvarmax/kernel-borderlands/kb-control-plane/internal/controlplane/http.go:530.6,531.10 1 0
github.com/pardhuvarmax/kernel-borderlands/kb-control-plane/internal/controlplane/http.go:532.25,552.18 3 0
github.com/pardhuvarmax/kernel-borderlands/kb-control-plane/internal/controlplane/http.go:552.18,554.5 1 0
github.com/pardhuvarmax/kernel-borderlands/kb-control-plane/internal/controlplane/http.go:556.25,577.18 4 0
github.com/pardhuvarmax/kernel-borderlands/kb-control-plane/internal/controlplane/http.go:577.18,579.5 1 0
github.com/pardhuvarmax/kernel-borderlands/kb-control-plane/internal/controlplane/http.go:581.19,584.18 2 0
github.com/pardhuvarmax/kernel-borderlands/kb-control-plane/internal/controlplane/http.go:584.18,586.5 1 0
github.com/pardhuvarmax/kernel-borderlands/kb-control-plane/internal/controlplane/http.go:587.4,587.19 1 0
github.com/pardhuvarmax/kernel-borderlands/kb-control-plane/internal/controlplane/http.go:589.29,590.10 1 0
github.com/pardhuvarmax/kernel-borderlands/kb-control-plane/internal/ssh/auth.go:14.69,16.16 2 1
github.com/pardhuvarmax/kernel-borderlands/kb-control-plane/internal/ssh/auth.go:16.16,19.3 2 0
github.com/pardhuvarmax/kernel-borderlands/kb-control-plane/internal/ssh/auth.go:21.2,22.29 2 1
github.com/pardhuvarmax/kernel-borderlands/kb-control-plane/internal/ssh/auth.go:22.29,24.49 2 1
github.com/pardhuvarmax/kernel-borderlands/kb-control-plane/internal/ssh/auth.go:24.49,25.12 1 1
github.com/pardhuvarmax/kernel-borderlands/kb-control-plane/internal/ssh/auth.go:27.3,28.17 2 1
github.com/pardhuvarmax/kernel-borderlands/kb-control-plane/internal/ssh/auth.go:28.17,29.12 1 0
github.com/pardhuvarmax/kernel-borderlands/kb-control-plane/internal/ssh/auth.go:31.3,31.54 1 1
github.com/pardhuvarmax/kernel-borderlands/kb-control-plane/internal/ssh/auth.go:31.54,33.4 1 1
github.com/pardhuvarmax/kernel-borderlands/kb-control-plane/internal/ssh/auth.go:36.2,36.14 1 1
github.com/pardhuvarmax/kernel-borderlands/kb-control-plane/internal/ssh/config.go:18.36,21.20 3 0
github.com/pardhuvarmax/kernel-borderlands/kb-control-plane/internal/ssh/config.go:21.20,23.3 1 0
github.com/pardhuvarmax/kernel-borderlands/kb-control-plane/internal/ssh/config.go:25.2,31.53 5 0
github.com/pardhuvarmax/kernel-borderlands/kb-control-plane/internal/ssh/config.go:31.53,33.53 1 0
github.com/pardhuvarmax/kernel-borderlands/kb-control-plane/internal/ssh/config.go:33.53,35.4 1 0
github.com/pardhuvarmax/kernel-borderlands/kb-control-plane/internal/ssh/config.go:38.2,38.46 1 0
github.com/pardhuvarmax/kernel-borderlands/kb-control-plane/internal/ssh/config.go:38.46,39.15 1 0
github.com/pardhuvarmax/kernel-borderlands/kb-control-plane/internal/ssh/config.go:39.15,41.4 1 0
github.com/pardhuvarmax/kernel-borderlands/kb-control-plane/internal/ssh/config.go:43.3,44.17 2 0
github.com/pardhuvarmax/kernel-borderlands/kb-control-plane/internal/ssh/config.go:44.17,46.4 1 0
github.com/pardhuvarmax/kernel-borderlands/kb-control-plane/internal/ssh/config.go:47.3,59.9 8 0
github.com/pardhuvarmax/kernel-borderlands/kb-control-plane/internal/ssh/config.go:62.2,67.8 1 0
github.com/pardhuvarmax/kernel-borderlands/kb-control-plane/internal/ssh/config.go:70.38,72.16 2 0
github.com/pardhuvarmax/kernel-borderlands/kb-control-plane/internal/ssh/config.go:72.16,74.3 1 0
github.com/pardhuvarmax/kernel-borderlands/kb-control-plane/internal/ssh/config.go:75.2,75.19 1 0
github.com/pardhuvarmax/kernel-borderlands/kb-control-plane/internal/ssh/config.go:75.19,77.3 1 0
github.com/pardhuvarmax/kernel-borderlands/kb-control-plane/internal/ssh/config.go:78.2,79.16 2 0
github.com/pardhuvarmax/kernel-borderlands/kb-control-plane/internal/ssh/config.go:79.16,81.3 1 0
github.com/pardhuvarmax/kernel-borderlands/kb-control-plane/internal/ssh/config.go:82.2,84.13 3 0
github.com/pardhuvarmax/kernel-borderlands/kb-control-plane/internal/ssh/hostkey.go:14.45,15.41 1 1
github.com/pardhuvarmax/kernel-borderlands/kb-control-plane/internal/ssh/hostkey.go:15.41,18.3 1 1
github.com/pardhuvarmax/kernel-borderlands/kb-control-plane/internal/ssh/hostkey.go:21.2,22.47 2 1
github.com/pardhuvarmax/kernel-borderlands/kb-control-plane/internal/ssh/hostkey.go:22.47,24.3 1 0
github.com/pardhuvarmax/kernel-borderlands/kb-control-plane/internal/ssh/hostkey.go:27.2,28.16 2 1
github.com/pardhuvarmax/kernel-borderlands/kb-control-plane/internal/ssh/hostkey.go:28.16,30.3 1 0
github.com/pardhuvarmax/kernel-borderlands/kb-control-plane/internal/ssh/hostkey.go:33.2,34.16 2 1
github.com/pardhuvarmax/kernel-borderlands/kb-control-plane/internal/ssh/hostkey.go:34.16,36.3 1 0
github.com/pardhuvarmax/kernel-borderlands/kb-control-plane/internal/ssh/hostkey.go:39.2,46.59 3 1
github.com/pardhuvarmax/kernel-borderlands/kb-control-plane/internal/ssh/hostkey.go:46.59,48.3 1 0
github.com/pardhuvarmax/kernel-borderlands/kb-control-plane/internal/ssh/hostkey.go:50.2,50.12 1 1
github.com/pardhuvarmax/kernel-borderlands/kb-control-plane/internal/ssh/server.go:20.37,22.16 2 0
github.com/pardhuvarmax/kernel-borderlands/kb-control-plane/internal/ssh/server.go:22.16,24.3 1 0
github.com/pardhuvarmax/kernel-borderlands/kb-control-plane/internal/ssh/server.go:27.2,27.61 1 0
github.com/pardhuvarmax/kernel-borderlands/kb-control-plane/internal/ssh/server.go:27.61,29.3 1 0
github.com/pardhuvarmax/kernel-borderlands/kb-control-plane/internal/ssh/server.go:32.2,32.67 1 0
github.com/pardhuvarmax/kernel-borderlands/kb-control-plane/internal/ssh/server.go:32.67,34.18 2 0
github.com/pardhuvarmax/kernel-borderlands/kb-control-plane/internal/ssh/server.go:34.18,36.4 1 0
github.com/pardhuvarmax/kernel-borderlands/kb-control-plane/internal/ssh/server.go:39.2,42.72 1 0
github.com/pardhuvarmax/kernel-borderlands/kb-control-plane/internal/ssh/server.go:42.72,44.4 1 0
github.com/pardhuvarmax/kernel-borderlands/kb-control-plane/internal/ssh/server.go:46.36,47.32 1 0
github.com/pardhuvarmax/kernel-borderlands/kb-control-plane/internal/ssh/server.go:47.32,49.6 1 0
github.com/pardhuvarmax/kernel-borderlands/kb-control-plane/internal/ssh/server.go:53.2,53.16 1 0
github.com/pardhuvarmax/kernel-borderlands/kb-control-plane/internal/ssh/server.go:53.16,55.3 1 0
github.com/pardhuvarmax/kernel-borderlands/kb-control-plane/internal/ssh/server.go:57.2,60.8 1 0
github.com/pardhuvarmax/kernel-borderlands/kb-control-plane/internal/ssh/server.go:64.33,66.12 2 0
github.com/pardhuvarmax/kernel-borderlands/kb-control-plane/internal/ssh/server.go:66.12,67.81 1 0
github.com/pardhuvarmax/kernel-borderlands/kb-control-plane/internal/ssh/server.go:67.81,69.4 1 0
github.com/pardhuvarmax/kernel-borderlands/kb-control-plane/internal/ssh/server.go:71.2,71.12 1 0
github.com/pardhuvarmax/kernel-borderlands/kb-control-plane/internal/ssh/server.go:75.32,80.2 4 0
github.com/pardhuvarmax/kernel-borderlands/kb-control-plane/internal/ssh/session.go:18.35,22.19 4 0
github.com/pardhuvarmax/kernel-borderlands/kb-control-plane/internal/ssh/session.go:22.19,24.3 1 0
github.com/pardhuvarmax/kernel-borderlands/kb-control-plane/internal/ssh/session.go:24.8,26.3 1 0
github.com/pardhuvarmax/kernel-borderlands/kb-control-plane/internal/ssh/session.go:27.2,32.19 4 0
github.com/pardhuvarmax/kernel-borderlands/kb-control-plane/internal/ssh/session.go:32.19,39.27 2 0
github.com/pardhuvarmax/kernel-borderlands/kb-control-plane/internal/ssh/session.go:39.27,40.40 1 0
github.com/pardhuvarmax/kernel-borderlands/kb-control-plane/internal/ssh/session.go:40.40,42.10 2 0
github.com/pardhuvarmax/kernel-borderlands/kb-control-plane/internal/ssh/session.go:44.4,44.47 1 0
github.com/pardhuvarmax/kernel-borderlands/kb-control-plane/internal/ssh/session.go:44.47,46.10 2 0
github.com/pardhuvarmax/kernel-borderlands/kb-control-plane/internal/ssh/session.go:51.2,51.19 1 0
github.com/pardhuvarmax/kernel-borderlands/kb-control-plane/internal/ssh/session.go:51.19,56.3 4 0
github.com/pardhuvarmax/kernel-borderlands/kb-control-plane/internal/ssh/session.go:58.2,62.34 3 0
github.com/pardhuvarmax/kernel-borderlands/kb-control-plane/internal/ssh/session.go:62.34,64.3 1 0
github.com/pardhuvarmax/kernel-borderlands/kb-control-plane/internal/ssh/session.go:66.2,67.11 2 0
github.com/pardhuvarmax/kernel-borderlands/kb-control-plane/internal/ssh/session.go:67.11,69.3 1 0
github.com/pardhuvarmax/kernel-borderlands/kb-control-plane/internal/ssh/session.go:71.2,71.12 1 0
github.com/pardhuvarmax/kernel-borderlands/kb-control-plane/internal/ssh/session.go:71.12,75.37 4 0
github.com/pardhuvarmax/kernel-borderlands/kb-control-plane/internal/ssh/session.go:75.37,80.4 4 0
github.com/pardhuvarmax/kernel-borderlands/kb-control-plane/internal/ssh/session.go:81.3,83.9 3 0
github.com/pardhuvarmax/kernel-borderlands/kb-control-plane/internal/ssh/session.go:87.2,88.16 2 0
github.com/pardhuvarmax/kernel-borderlands/kb-control-plane/internal/ssh/session.go:88.16,93.3 4 0
github.com/pardhuvarmax/kernel-borderlands/kb-control-plane/internal/ssh/session.go:94.2,97.12 2 0
github.com/pardhuvarmax/kernel-borderlands/kb-control-plane/internal/ssh/session.go:97.12,98.26 1 0
github.com/pardhuvarmax/kernel-borderlands/kb-control-plane/internal/ssh/session.go:98.26,100.4 1 0
github.com/pardhuvarmax/kernel-borderlands/kb-control-plane/internal/ssh/session.go:104.2,107.12 2 0
github.com/pardhuvarmax/kernel-borderlands/kb-control-plane/internal/ssh/session.go:107.12,109.3 1 0
github.com/pardhuvarmax/kernel-borderlands/kb-control-plane/internal/ssh/session.go:112.2,116.29 3 0
github.com/pardhuvarmax/kernel-borderlands/kb-control-plane/internal/ssh/session.go:116.29,118.3 1 0
github.com/pardhuvarmax/kernel-borderlands/kb-control-plane/internal/ssh/session.go:118.8,120.3 1 0
github.com/pardhuvarmax/kernel-borderlands/kb-control-plane/internal/ssh/session.go:124.39,130.2 1 0
github.com/pardhuvarmax/kernel-borderlands/kb-control-plane/internal/store/process.go:41.26,44.2 2 1
github.com/pardhuvarmax/kernel-borderlands/kb-control-plane/internal/store/process.go:48.33,50.29 2 1
github.com/pardhuvarmax/kernel-borderlands/kb-control-plane/internal/store/process.go:50.29,52.27 2 1
github.com/pardhuvarmax/kernel-borderlands/kb-control-plane/internal/store/process.go:53.29,54.36 1 1
github.com/pardhuvarmax/kernel-borderlands/kb-control-plane/internal/store/process.go:55.28,56.50 1 0
github.com/pardhuvarmax/kernel-borderlands/kb-control-plane/internal/store/process.go:57.20,58.70 1 1
github.com/pardhuvarmax/kernel-borderlands/kb-control-plane/internal/store/process.go:59.25,60.92 1 0
github.com/pardhuvarmax/kernel-borderlands/kb-control-plane/internal/store/process.go:61.26,62.84 1 1
github.com/pardhuvarmax/kernel-borderlands/kb-control-plane/internal/store/process.go:64.3,64.17 1 1
github.com/pardhuvarmax/kernel-borderlands/kb-control-plane/internal/store/process.go:64.17,66.4 1 0
github.com/pardhuvarmax/kernel-borderlands/kb-control-plane/internal/store/process.go:74.68,83.9 2 1
github.com/pardhuvarmax/kernel-borderlands/kb-control-plane/internal/store/process.go:84.23,84.23 0 1
github.com/pardhuvarmax/kernel-borderlands/kb-control-plane/internal/store/process.go:85.10,86.108 1 0
github.com/pardhuvarmax/kernel-borderlands/kb-control-plane/internal/store/process.go:88.2,88.12 1 1
github.com/pardhuvarmax/kernel-borderlands/kb-control-plane/internal/store/process.go:91.71,116.2 2 1
github.com/pardhuvarmax/kernel-borderlands/kb-control-plane/internal/store/process.go:119.49,121.9 2 1
github.com/pardhuvarmax/kernel-borderlands/kb-control-plane/internal/store/process.go:122.41,122.41 0 1
github.com/pardhuvarmax/kernel-borderlands/kb-control-plane/internal/store/process.go:123.10,123.10 0 0
github.com/pardhuvarmax/kernel-borderlands/kb-control-plane/internal/store/process.go:125.2,125.12 1 1
github.com/pardhuvarmax/kernel-borderlands/kb-control-plane/internal/store/process.go:130.85,131.37 1 0
github.com/pardhuvarmax/kernel-borderlands/kb-control-plane/internal/store/process.go:131.37,135.3 3 0
github.com/pardhuvarmax/kernel-borderlands/kb-control-plane/internal/store/process.go:137.2,137.9 1 0
github.com/pardhuvarmax/kernel-borderlands/kb-control-plane/internal/store/process.go:138.61,138.61 0 0
github.com/pardhuvarmax/kernel-borderlands/kb-control-plane/internal/store/process.go:139.10,140.95 1 0
github.com/pardhuvarmax/kernel-borderlands/kb-control-plane/internal/store/process.go:142.2,142.12 1 0
github.com/pardhuvarmax/kernel-borderlands/kb-control-plane/internal/store/process.go:145.88,152.2 2 0
github.com/pardhuvarmax/kernel-borderlands/kb-control-plane/internal/store/process.go:158.79,159.33 1 1
github.com/pardhuvarmax/kernel-borderlands/kb-control-plane/internal/store/process.go:159.33,161.3 1 1
github.com/pardhuvarmax/kernel-borderlands/kb-control-plane/internal/store/process.go:162.2,164.16 3 0
github.com/pardhuvarmax/kernel-borderlands/kb-control-plane/internal/store/process.go:164.16,166.3 1 0
github.com/pardhuvarmax/kernel-borderlands/kb-control-plane/internal/store/process.go:167.2,167.35 1 0
github.com/pardhuvarmax/kernel-borderlands/kb-control-plane/internal/store/process.go:172.66,174.9 2 1
github.com/pardhuvarmax/kernel-borderlands/kb-control-plane/internal/store/process.go:174.9,176.3 1 1
github.com/pardhuvarmax/kernel-borderlands/kb-control-plane/internal/store/process.go:177.2,177.31 1 1
github.com/pardhuvarmax/kernel-borderlands/kb-control-plane/internal/store/process.go:182.58,184.33 2 0
github.com/pardhuvarmax/kernel-borderlands/kb-control-plane/internal/store/process.go:184.33,185.46 1 0
github.com/pardhuvarmax/kernel-borderlands/kb-control-plane/internal/store/process.go:185.46,187.4 1 0
github.com/pardhuvarmax/kernel-borderlands/kb-control-plane/internal/store/process.go:188.3,188.14 1 0
github.com/pardhuvarmax/kernel-borderlands/kb-control-plane/internal/store/process.go:190.2,190.12 1 0
github.com/pardhuvarmax/kernel-borderlands/kb-control-plane/internal/store/process.go:195.57,196.33 1 0
github.com/pardhuvarmax/kernel-borderlands/kb-control-plane/internal/store/process.go:196.33,200.3 3 0
github.com/pardhuvarmax/kernel-borderlands/kb-control-plane/internal/store/process.go:201.2,201.9 1 0
github.com/pardhuvarmax/kernel-borderlands/kb-control-plane/internal/store/process.go:202.60,202.60 0 0
github.com/pardhuvarmax/kernel-borderlands/kb-control-plane/internal/store/process.go:203.10,203.10 0 0
github.com/pardhuvarmax/kernel-borderlands/kb-control-plane/internal/store/process.go:213.54,215.9 2 1
github.com/pardhuvarmax/kernel-borderlands/kb-control-plane/internal/store/process.go:215.9,217.3 1 1
github.com/pardhuvarmax/kernel-borderlands/kb-control-plane/internal/store/process.go:218.2,222.9 4 1
github.com/pardhuvarmax/kernel-borderlands/kb-control-plane/internal/store/process.go:223.59,223.59 0 1
github.com/pardhuvarmax/kernel-borderlands/kb-control-plane/internal/store/process.go:224.10,224.10 0 0
github.com/pardhuvarmax/kernel-borderlands/kb-control-plane/internal/store/process.go:226.2,226.13 1 1
github.com/pardhuvarmax/kernel-borderlands/kb-control-plane/internal/store/process.go:233.33,240.16 2 0
github.com/pardhuvarmax/kernel-borderlands/kb-control-plane/internal/store/process.go:240.16,242.3 1 0
github.com/pardhuvarmax/kernel-borderlands/kb-control-plane/internal/store/process.go:243.2,246.18 3 0
github.com/pardhuvarmax/kernel-borderlands/kb-control-plane/internal/store/process.go:246.18,253.17 3 0
github.com/pardhuvarmax/kernel-borderlands/kb-control-plane/internal/store/process.go:253.17,255.12 2 0
github.com/pardhuvarmax/kernel-borderlands/kb-control-plane/internal/store/process.go:257.3,259.10 3 0
github.com/pardhuvarmax/kernel-borderlands/kb-control-plane/internal/store/process.go:261.2,262.12 2 0
github.com/pardhuvarmax/kernel-borderlands/kb-control-plane/internal/store/process.go:266.42,268.33 2 0
github.com/pardhuvarmax/kernel-borderlands/kb-control-plane/internal/store/process.go:268.33,271.3 2 0
github.com/pardhuvarmax/kernel-borderlands/kb-control-plane/internal/store/process.go:272.2,272.12 1 0
github.com/pardhuvarmax/kernel-borderlands/kb-control-plane/internal/store/process.go:275.86,279.2 3 0
github.com/pardhuvarmax/kernel-borderlands/kb-control-plane/internal/store/schema.go:80.39,82.16 2 1
github.com/pardhuvarmax/kernel-borderlands/kb-control-plane/internal/store/schema.go:82.16,84.3 1 0
github.com/pardhuvarmax/kernel-borderlands/kb-control-plane/internal/store/schema.go:86.2,93.28 2 1
github.com/pardhuvarmax/kernel-borderlands/kb-control-plane/internal/store/schema.go:93.28,94.39 1 1
github.com/pardhuvarmax/kernel-borderlands/kb-control-plane/internal/store/schema.go:94.39,96.4 1 0
github.com/pardhuvarmax/kernel-borderlands/kb-control-plane/internal/store/schema.go:99.2,99.42 1 1
github.com/pardhuvarmax/kernel-borderlands/kb-control-plane/internal/store/schema.go:99.42,101.3 1 0
github.com/pardhuvarmax/kernel-borderlands/kb-control-plane/internal/store/schema.go:106.2,117.15 7 1
github.com/pardhuvarmax/kernel-borderlands/kb-control-plane/internal/store/schema.go:120.30,120.45 1 0
github.com/pardhuvarmax/kernel-borderlands/kb-control-plane/internal/store/schema.go:122.25,126.2 3 1
